---
source: tests/parser.rs
expression: parse(src).unwrap()
---
Program {
    config: Some(
        ConfigBlock {
            entries: [
                ConfigEntry {
                    name: Spanned {
                        value: "domain",
                        span: Span {
                            start: 10,
                            end: 16,
                        },
                    },
                    type_ann: None,
                    value: Expr {
                        kind: Path {
                            segments: [
                                Spanned {
                                    value: "complex",
                                    span: Span {
                                        start: 20,
                                        end: 27,
                                    },
                                },
                            ],
                        },
                        span: Span {
                            start: 20,
                            end: 27,
                        },
                    },
                    span: Span {
                        start: 10,
                        end: 27,
                    },
                },
            ],
            span: Span {
                start: 1,
                end: 29,
            },
        },
    ),
    imports: [],
    stmts: [
        MathDef {
            name: Spanned {
                value: "f",
                span: Span {
                    start: 34,
                    end: 35,
                },
            },
            params: [
                Param {
                    name: Spanned {
                        value: "x",
                        span: Span {
                            start: 36,
                            end: 37,
                        },
                    },
                    type_ann: None,
                    is_self: false,
                },
            ],
            ret: None,
            annotations: [],
            body: Expr {
                kind: Binary {
                    op: Pow,
                    lhs: Expr {
                        kind: Path {
                            segments: [
                                Spanned {
                                    value: "x",
                                    span: Span {
                                        start: 41,
                                        end: 42,
                                    },
                                },
                            ],
                        },
                        span: Span {
                            start: 41,
                            end: 42,
                        },
                    },
                    rhs: Expr {
                        kind: Literal(
                            Integer(
                                "2",
                            ),
                        ),
                        span: Span {
                            start: 43,
                            end: 44,
                        },
                    },
                },
                span: Span {
                    start: 41,
                    end: 44,
                },
            },
            span: Span {
                start: 30,
                end: 44,
            },
        },
        WithConfig {
            entries: [
                ConfigEntry {
                    name: Spanned {
                        value: "domain",
                        span: Span {
                            start: 60,
                            end: 66,
                        },
                    },
                    type_ann: None,
                    value: Expr {
                        kind: Path {
                            segments: [
                                Spanned {
                                    value: "real",
                                    span: Span {
                                        start: 70,
                                        end: 74,
                                    },
                                },
                            ],
                        },
                        span: Span {
                            start: 70,
                            end: 74,
                        },
                    },
                    span: Span {
                        start: 60,
                        end: 74,
                    },
                },
            ],
            body: Block {
                stmts: [
                    Let {
                        pat: Binding(
                            Spanned {
                                value: "y",
                                span: Span {
                                    start: 87,
                                    end: 88,
                                },
                            },
                        ),
                        mut_: false,
                        type_ann: None,
                        value: Expr {
                            kind: Binary {
                                op: Pow,
                                lhs: Expr {
                                    kind: Unary {
                                        op: Neg,
                                        operand: Expr {
                                            kind: Literal(
                                                Integer(
                                                    "1",
                                                ),
                                            ),
                                            span: Span {
                                                start: 93,
                                                end: 94,
                                            },
                                        },
                                    },
                                    span: Span {
                                        start: 91,
                                        end: 95,
                                    },
                                },
                                rhs: Expr {
                                    kind: Literal(
                                        Float(
                                            "0.5",
                                        ),
                                    ),
                                    span: Span {
                                        start: 96,
                                        end: 99,
                                    },
                                },
                            },
                            span: Span {
                                start: 91,
                                end: 99,
                            },
                        },
                        span: Span {
                            start: 83,
                            end: 99,
                        },
                    },
                ],
                span: Span {
                    start: 77,
                    end: 102,
                },
            },
            span: Span {
                start: 46,
                end: 102,
            },
        },
        Let {
            pat: Binding(
                Spanned {
                    value: "z",
                    span: Span {
                        start: 107,
                        end: 108,
                    },
                },
            ),
            mut_: false,
            type_ann: None,
            value: Expr {
                kind: Binary {
                    op: Pow,
                    lhs: Expr {
                        kind: Unary {
                            op: Neg,
                            operand: Expr {
                                kind: Literal(
                                    Integer(
                                        "1",
                                    ),
                                ),
                                span: Span {
                                    start: 113,
                                    end: 114,
                                },
                            },
                        },
                        span: Span {
                            start: 111,
                            end: 115,
                        },
                    },
                    rhs: Expr {
                        kind: Literal(
                            Float(
                                "0.5",
                            ),
                        ),
                        span: Span {
                            start: 116,
                            end: 119,
                        },
                    },
                },
                span: Span {
                    start: 111,
                    end: 119,
                },
            },
            span: Span {
                start: 103,
                end: 119,
            },
        },
    ],
}
