---
source: tests/parser.rs
expression: parse(src).unwrap()
---
Program {
    module_docs: None,
    config: Some(
        ConfigBlock {
            entries: [
                ConfigEntry {
                    name: Spanned {
                        value: "fraction",
                        span: Span {
                            start: 14,
                            end: 22,
                        },
                    },
                    type_ann: None,
                    value: Expr {
                        kind: Literal(
                            Bool(
                                true,
                            ),
                        ),
                        span: Span {
                            start: 26,
                            end: 30,
                        },
                    },
                    span: Span {
                        start: 14,
                        end: 30,
                    },
                },
                ConfigEntry {
                    name: Spanned {
                        value: "undefined_handling",
                        span: Span {
                            start: 35,
                            end: 53,
                        },
                    },
                    type_ann: None,
                    value: Expr {
                        kind: Custom(
                            [
                                (
                                    Expr {
                                        kind: Binary {
                                            op: Div,
                                            lhs: Expr {
                                                kind: Literal(
                                                    Integer(
                                                        "0",
                                                    ),
                                                ),
                                                span: Span {
                                                    start: 66,
                                                    end: 67,
                                                },
                                            },
                                            rhs: Expr {
                                                kind: Literal(
                                                    Integer(
                                                        "0",
                                                    ),
                                                ),
                                                span: Span {
                                                    start: 68,
                                                    end: 69,
                                                },
                                            },
                                        },
                                        span: Span {
                                            start: 66,
                                            end: 69,
                                        },
                                    },
                                    Expr {
                                        kind: Literal(
                                            Integer(
                                                "1",
                                            ),
                                        ),
                                        span: Span {
                                            start: 73,
                                            end: 74,
                                        },
                                    },
                                ),
                                (
                                    Expr {
                                        kind: Call {
                                            callee: Expr {
                                                kind: Path {
                                                    segments: [
                                                        Spanned {
                                                            value: "log",
                                                            span: Span {
                                                                start: 76,
                                                                end: 79,
                                                            },
                                                        },
                                                    ],
                                                },
                                                span: Span {
                                                    start: 76,
                                                    end: 79,
                                                },
                                            },
                                            args: [
                                                Expr {
                                                    kind: Literal(
                                                        Integer(
                                                            "0",
                                                        ),
                                                    ),
                                                    span: Span {
                                                        start: 80,
                                                        end: 81,
                                                    },
                                                },
                                            ],
                                        },
                                        span: Span {
                                            start: 76,
                                            end: 82,
                                        },
                                    },
                                    Expr {
                                        kind: Unary {
                                            op: Neg,
                                            operand: Expr {
                                                kind: Symbol(
                                                    Spanned {
                                                        value: "infty",
                                                        span: Span {
                                                            start: 87,
                                                            end: 93,
                                                        },
                                                    },
                                                ),
                                                span: Span {
                                                    start: 87,
                                                    end: 93,
                                                },
                                            },
                                        },
                                        span: Span {
                                            start: 86,
                                            end: 93,
                                        },
                                    },
                                ),
                            ],
                        ),
                        span: Span {
                            start: 57,
                            end: 95,
                        },
                    },
                    span: Span {
                        start: 35,
                        end: 95,
                    },
                },
            ],
            span: Span {
                start: 1,
                end: 97,
            },
        },
    ),
    imports: [
        Import {
            kind: Namespace {
                path: [
                    Spanned {
                        value: "linalg",
                        span: Span {
                            start: 105,
                            end: 111,
                        },
                    },
                ],
                alias: Some(
                    Spanned {
                        value: "la",
                        span: Span {
                            start: 115,
                            end: 117,
                        },
                    },
                ),
            },
            docs: None,
            span: Span {
                start: 98,
                end: 118,
            },
        },
        Import {
            kind: From {
                path: [
                    Spanned {
                        value: "stats",
                        span: Span {
                            start: 124,
                            end: 129,
                        },
                    },
                ],
                items: [
                    Name {
                        name: Spanned {
                            value: "mean",
                            span: Span {
                                start: 137,
                                end: 141,
                            },
                        },
                        alias: None,
                    },
                    Name {
                        name: Spanned {
                            value: "std",
                            span: Span {
                                start: 143,
                                end: 146,
                            },
                        },
                        alias: None,
                    },
                ],
            },
            docs: None,
            span: Span {
                start: 119,
                end: 147,
            },
        },
        Import {
            kind: From {
                path: [
                    Spanned {
                        value: "mymath",
                        span: Span {
                            start: 153,
                            end: 159,
                        },
                    },
                ],
                items: [
                    Star,
                ],
            },
            docs: None,
            span: Span {
                start: 148,
                end: 169,
            },
        },
    ],
    stmts: [
        MathDef {
            name: Spanned {
                value: "f",
                span: Span {
                    start: 175,
                    end: 176,
                },
            },
            params: [
                Param {
                    name: Spanned {
                        value: "x",
                        span: Span {
                            start: 177,
                            end: 178,
                        },
                    },
                    type_ann: None,
                    is_self: false,
                },
            ],
            ret: None,
            annotations: [],
            body: Expr {
                kind: Binary {
                    op: Add,
                    lhs: Expr {
                        kind: Binary {
                            op: Pow,
                            lhs: Expr {
                                kind: Path {
                                    segments: [
                                        Spanned {
                                            value: "x",
                                            span: Span {
                                                start: 182,
                                                end: 183,
                                            },
                                        },
                                    ],
                                },
                                span: Span {
                                    start: 182,
                                    end: 183,
                                },
                            },
                            rhs: Expr {
                                kind: Literal(
                                    Integer(
                                        "2",
                                    ),
                                ),
                                span: Span {
                                    start: 184,
                                    end: 185,
                                },
                            },
                        },
                        span: Span {
                            start: 182,
                            end: 185,
                        },
                    },
                    rhs: Expr {
                        kind: Literal(
                            Integer(
                                "6",
                            ),
                        ),
                        span: Span {
                            start: 188,
                            end: 189,
                        },
                    },
                },
                span: Span {
                    start: 182,
                    end: 189,
                },
            },
            span: Span {
                start: 171,
                end: 189,
            },
            docs: None,
        },
        Let {
            pat: Binding(
                Spanned {
                    value: "count",
                    span: Span {
                        start: 199,
                        end: 204,
                    },
                },
            ),
            mut_: true,
            type_ann: Some(
                Integer,
            ),
            value: Expr {
                kind: Literal(
                    Integer(
                        "0",
                    ),
                ),
                span: Span {
                    start: 216,
                    end: 217,
                },
            },
            span: Span {
                start: 191,
                end: 217,
            },
            docs: None,
        },
        Const {
            name: Spanned {
                value: "C",
                span: Span {
                    start: 225,
                    end: 226,
                },
            },
            type_ann: F64,
            value: Expr {
                kind: Literal(
                    Float(
                        "1.5",
                    ),
                ),
                span: Span {
                    start: 234,
                    end: 237,
                },
            },
            span: Span {
                start: 219,
                end: 237,
            },
            docs: None,
        },
        Pub(
            FnDef {
                name: Spanned {
                    value: "process",
                    span: Span {
                        start: 246,
                        end: 253,
                    },
                },
                params: [
                    Param {
                        name: Spanned {
                            value: "x",
                            span: Span {
                                start: 254,
                                end: 255,
                            },
                        },
                        type_ann: Some(
                            F64,
                        ),
                        is_self: false,
                    },
                ],
                ret: Some(
                    F64,
                ),
                annotations: [],
                body: Block {
                    stmts: [
                        Let {
                            pat: Binding(
                                Spanned {
                                    value: "y",
                                    span: Span {
                                        start: 279,
                                        end: 280,
                                    },
                                },
                            ),
                            mut_: false,
                            type_ann: None,
                            value: Expr {
                                kind: Binary {
                                    op: Mul,
                                    lhs: Expr {
                                        kind: Path {
                                            segments: [
                                                Spanned {
                                                    value: "x",
                                                    span: Span {
                                                        start: 283,
                                                        end: 284,
                                                    },
                                                },
                                            ],
                                        },
                                        span: Span {
                                            start: 283,
                                            end: 284,
                                        },
                                    },
                                    rhs: Expr {
                                        kind: Literal(
                                            Float(
                                                "2.0",
                                            ),
                                        ),
                                        span: Span {
                                            start: 287,
                                            end: 290,
                                        },
                                    },
                                },
                                span: Span {
                                    start: 283,
                                    end: 290,
                                },
                            },
                            span: Span {
                                start: 275,
                                end: 290,
                            },
                            docs: None,
                        },
                        If {
                            cond: Expr {
                                kind: Binary {
                                    op: Gt,
                                    lhs: Expr {
                                        kind: Path {
                                            segments: [
                                                Spanned {
                                                    value: "y",
                                                    span: Span {
                                                        start: 299,
                                                        end: 300,
                                                    },
                                                },
                                            ],
                                        },
                                        span: Span {
                                            start: 299,
                                            end: 300,
                                        },
                                    },
                                    rhs: Expr {
                                        kind: Literal(
                                            Integer(
                                                "3",
                                            ),
                                        ),
                                        span: Span {
                                            start: 303,
                                            end: 304,
                                        },
                                    },
                                },
                                span: Span {
                                    start: 299,
                                    end: 304,
                                },
                            },
                            then: Block {
                                stmts: [
                                    Return {
                                        value: Some(
                                            Expr {
                                                kind: Path {
                                                    segments: [
                                                        Spanned {
                                                            value: "y",
                                                            span: Span {
                                                                start: 322,
                                                                end: 323,
                                                            },
                                                        },
                                                    ],
                                                },
                                                span: Span {
                                                    start: 322,
                                                    end: 323,
                                                },
                                            },
                                        ),
                                        span: Span {
                                            start: 315,
                                            end: 323,
                                        },
                                    },
                                ],
                                span: Span {
                                    start: 305,
                                    end: 330,
                                },
                            },
                            elifs: [],
                            else_: Some(
                                Block {
                                    stmts: [
                                        Return {
                                            value: Some(
                                                Expr {
                                                    kind: Literal(
                                                        Float(
                                                            "0.0",
                                                        ),
                                                    ),
                                                    span: Span {
                                                        start: 353,
                                                        end: 356,
                                                    },
                                                },
                                            ),
                                            span: Span {
                                                start: 346,
                                                end: 356,
                                            },
                                        },
                                    ],
                                    span: Span {
                                        start: 336,
                                        end: 363,
                                    },
                                },
                            ),
                            span: Span {
                                start: 296,
                                end: 363,
                            },
                        },
                    ],
                    span: Span {
                        start: 269,
                        end: 365,
                    },
                },
                span: Span {
                    start: 243,
                    end: 365,
                },
                docs: None,
            },
        ),
        For {
            var: Spanned {
                value: "i",
                span: Span {
                    start: 370,
                    end: 371,
                },
            },
            range: (
                Expr {
                    kind: Literal(
                        Integer(
                            "0",
                        ),
                    ),
                    span: Span {
                        start: 375,
                        end: 376,
                    },
                },
                Expr {
                    kind: Literal(
                        Integer(
                            "10",
                        ),
                    ),
                    span: Span {
                        start: 378,
                        end: 380,
                    },
                },
            ),
            step: Some(
                Expr {
                    kind: Literal(
                        Integer(
                            "2",
                        ),
                    ),
                    span: Span {
                        start: 386,
                        end: 387,
                    },
                },
            ),
            body: Block {
                stmts: [
                    Assign {
                        target: Expr {
                            kind: Path {
                                segments: [
                                    Spanned {
                                        value: "count",
                                        span: Span {
                                            start: 394,
                                            end: 399,
                                        },
                                    },
                                ],
                            },
                            span: Span {
                                start: 394,
                                end: 399,
                            },
                        },
                        op: AddAssign,
                        value: Expr {
                            kind: Path {
                                segments: [
                                    Spanned {
                                        value: "i",
                                        span: Span {
                                            start: 403,
                                            end: 404,
                                        },
                                    },
                                ],
                            },
                            span: Span {
                                start: 403,
                                end: 404,
                            },
                        },
                        span: Span {
                            start: 394,
                            end: 404,
                        },
                    },
                ],
                span: Span {
                    start: 388,
                    end: 407,
                },
            },
            span: Span {
                start: 366,
                end: 407,
            },
        },
        ParFor {
            var: Spanned {
                value: "j",
                span: Span {
                    start: 415,
                    end: 416,
                },
            },
            range: (
                Expr {
                    kind: Literal(
                        Integer(
                            "0",
                        ),
                    ),
                    span: Span {
                        start: 420,
                        end: 421,
                    },
                },
                Expr {
                    kind: Literal(
                        Integer(
                            "10",
                        ),
                    ),
                    span: Span {
                        start: 423,
                        end: 425,
                    },
                },
            ),
            step: None,
            body: Block {
                stmts: [
                    Assign {
                        target: Expr {
                            kind: Index {
                                base: Expr {
                                    kind: Path {
                                        segments: [
                                            Spanned {
                                                value: "A",
                                                span: Span {
                                                    start: 432,
                                                    end: 433,
                                                },
                                            },
                                        ],
                                    },
                                    span: Span {
                                        start: 432,
                                        end: 433,
                                    },
                                },
                                index: Index {
                                    items: [
                                        Elem(
                                            Expr {
                                                kind: Path {
                                                    segments: [
                                                        Spanned {
                                                            value: "j",
                                                            span: Span {
                                                                start: 434,
                                                                end: 435,
                                                            },
                                                        },
                                                    ],
                                                },
                                                span: Span {
                                                    start: 434,
                                                    end: 435,
                                                },
                                            },
                                        ),
                                    ],
                                },
                            },
                            span: Span {
                                start: 432,
                                end: 436,
                            },
                        },
                        op: Assign,
                        value: Expr {
                            kind: Call {
                                callee: Expr {
                                    kind: Path {
                                        segments: [
                                            Spanned {
                                                value: "f",
                                                span: Span {
                                                    start: 439,
                                                    end: 440,
                                                },
                                            },
                                        ],
                                    },
                                    span: Span {
                                        start: 439,
                                        end: 440,
                                    },
                                },
                                args: [
                                    Expr {
                                        kind: Path {
                                            segments: [
                                                Spanned {
                                                    value: "j",
                                                    span: Span {
                                                        start: 441,
                                                        end: 442,
                                                    },
                                                },
                                            ],
                                        },
                                        span: Span {
                                            start: 441,
                                            end: 442,
                                        },
                                    },
                                ],
                            },
                            span: Span {
                                start: 439,
                                end: 443,
                            },
                        },
                        span: Span {
                            start: 432,
                            end: 443,
                        },
                    },
                ],
                span: Span {
                    start: 426,
                    end: 446,
                },
            },
            span: Span {
                start: 408,
                end: 446,
            },
        },
        Let {
            pat: Binding(
                Spanned {
                    value: "v",
                    span: Span {
                        start: 451,
                        end: 452,
                    },
                },
            ),
            mut_: false,
            type_ann: None,
            value: Expr {
                kind: Array(
                    [
                        Expr {
                            kind: Literal(
                                Integer(
                                    "1",
                                ),
                            ),
                            span: Span {
                                start: 456,
                                end: 457,
                            },
                        },
                        Expr {
                            kind: Literal(
                                Integer(
                                    "2",
                                ),
                            ),
                            span: Span {
                                start: 459,
                                end: 460,
                            },
                        },
                        Expr {
                            kind: Literal(
                                Integer(
                                    "3",
                                ),
                            ),
                            span: Span {
                                start: 462,
                                end: 463,
                            },
                        },
                    ],
                ),
                span: Span {
                    start: 455,
                    end: 464,
                },
            },
            span: Span {
                start: 447,
                end: 464,
            },
            docs: None,
        },
        Let {
            pat: Binding(
                Spanned {
                    value: "z",
                    span: Span {
                        start: 470,
                        end: 471,
                    },
                },
            ),
            mut_: false,
            type_ann: None,
            value: Expr {
                kind: Index {
                    base: Expr {
                        kind: Path {
                            segments: [
                                Spanned {
                                    value: "v",
                                    span: Span {
                                        start: 474,
                                        end: 475,
                                    },
                                },
                            ],
                        },
                        span: Span {
                            start: 474,
                            end: 475,
                        },
                    },
                    index: Index {
                        items: [
                            Slice {
                                start: Some(
                                    Expr {
                                        kind: Literal(
                                            Integer(
                                                "1",
                                            ),
                                        ),
                                        span: Span {
                                            start: 476,
                                            end: 477,
                                        },
                                    },
                                ),
                                end: Some(
                                    Expr {
                                        kind: Literal(
                                            Integer(
                                                "3",
                                            ),
                                        ),
                                        span: Span {
                                            start: 479,
                                            end: 480,
                                        },
                                    },
                                ),
                            },
                        ],
                    },
                },
                span: Span {
                    start: 474,
                    end: 481,
                },
            },
            span: Span {
                start: 466,
                end: 481,
            },
            docs: None,
        },
        Let {
            pat: Binding(
                Spanned {
                    value: "w",
                    span: Span {
                        start: 487,
                        end: 488,
                    },
                },
            ),
            mut_: false,
            type_ann: None,
            value: Expr {
                kind: Index {
                    base: Expr {
                        kind: Path {
                            segments: [
                                Spanned {
                                    value: "M",
                                    span: Span {
                                        start: 491,
                                        end: 492,
                                    },
                                },
                            ],
                        },
                        span: Span {
                            start: 491,
                            end: 492,
                        },
                    },
                    index: Index {
                        items: [
                            Slice {
                                start: None,
                                end: None,
                            },
                            Elem(
                                Expr {
                                    kind: Literal(
                                        Integer(
                                            "1",
                                        ),
                                    ),
                                    span: Span {
                                        start: 497,
                                        end: 498,
                                    },
                                },
                            ),
                        ],
                    },
                },
                span: Span {
                    start: 491,
                    end: 499,
                },
            },
            span: Span {
                start: 483,
                end: 499,
            },
            docs: None,
        },
        Let {
            pat: Binding(
                Spanned {
                    value: "g",
                    span: Span {
                        start: 505,
                        end: 506,
                    },
                },
            ),
            mut_: false,
            type_ann: None,
            value: Expr {
                kind: Lambda {
                    params: [
                        Param {
                            name: Spanned {
                                value: "x",
                                span: Span {
                                    start: 510,
                                    end: 511,
                                },
                            },
                            type_ann: None,
                            is_self: false,
                        },
                        Param {
                            name: Spanned {
                                value: "y",
                                span: Span {
                                    start: 513,
                                    end: 514,
                                },
                            },
                            type_ann: None,
                            is_self: false,
                        },
                    ],
                    body: Expr {
                        kind: Binary {
                            op: Add,
                            lhs: Expr {
                                kind: Path {
                                    segments: [
                                        Spanned {
                                            value: "x",
                                            span: Span {
                                                start: 516,
                                                end: 517,
                                            },
                                        },
                                    ],
                                },
                                span: Span {
                                    start: 516,
                                    end: 517,
                                },
                            },
                            rhs: Expr {
                                kind: Path {
                                    segments: [
                                        Spanned {
                                            value: "y",
                                            span: Span {
                                                start: 520,
                                                end: 521,
                                            },
                                        },
                                    ],
                                },
                                span: Span {
                                    start: 520,
                                    end: 521,
                                },
                            },
                        },
                        span: Span {
                            start: 516,
                            end: 521,
                        },
                    },
                },
                span: Span {
                    start: 509,
                    end: 521,
                },
            },
            span: Span {
                start: 501,
                end: 521,
            },
            docs: None,
        },
        Let {
            pat: Binding(
                Spanned {
                    value: "r",
                    span: Span {
                        start: 527,
                        end: 528,
                    },
                },
            ),
            mut_: false,
            type_ann: None,
            value: Expr {
                kind: Call {
                    callee: Expr {
                        kind: Path {
                            segments: [
                                Spanned {
                                    value: "try_i32",
                                    span: Span {
                                        start: 531,
                                        end: 538,
                                    },
                                },
                            ],
                        },
                        span: Span {
                            start: 531,
                            end: 538,
                        },
                    },
                    args: [
                        Expr {
                            kind: Literal(
                                Float(
                                    "1e20",
                                ),
                            ),
                            span: Span {
                                start: 539,
                                end: 543,
                            },
                        },
                    ],
                },
                span: Span {
                    start: 531,
                    end: 544,
                },
            },
            span: Span {
                start: 523,
                end: 544,
            },
            docs: None,
        },
        Match {
            scrutinee: Expr {
                kind: Path {
                    segments: [
                        Spanned {
                            value: "r",
                            span: Span {
                                start: 552,
                                end: 553,
                            },
                        },
                    ],
                },
                span: Span {
                    start: 552,
                    end: 553,
                },
            },
            arms: [
                MatchArm {
                    pattern: Variant {
                        name: Spanned {
                            value: "Ok",
                            span: Span {
                                start: 560,
                                end: 562,
                            },
                        },
                        args: [
                            Binding(
                                Spanned {
                                    value: "n",
                                    span: Span {
                                        start: 563,
                                        end: 564,
                                    },
                                },
                            ),
                        ],
                        span: Span {
                            start: 560,
                            end: 565,
                        },
                    },
                    guard: None,
                    body: Expr {
                        kind: Call {
                            callee: Expr {
                                kind: Path {
                                    segments: [
                                        Spanned {
                                            value: "print",
                                            span: Span {
                                                start: 569,
                                                end: 574,
                                            },
                                        },
                                    ],
                                },
                                span: Span {
                                    start: 569,
                                    end: 574,
                                },
                            },
                            args: [
                                Expr {
                                    kind: Literal(
                                        String {
                                            value: "ok: {}",
                                            quote: Double,
                                            raw: false,
                                        },
                                    ),
                                    span: Span {
                                        start: 575,
                                        end: 583,
                                    },
                                },
                                Expr {
                                    kind: Path {
                                        segments: [
                                            Spanned {
                                                value: "n",
                                                span: Span {
                                                    start: 585,
                                                    end: 586,
                                                },
                                            },
                                        ],
                                    },
                                    span: Span {
                                        start: 585,
                                        end: 586,
                                    },
                                },
                            ],
                        },
                        span: Span {
                            start: 569,
                            end: 587,
                        },
                    },
                },
                MatchArm {
                    pattern: Variant {
                        name: Spanned {
                            value: "Err",
                            span: Span {
                                start: 593,
                                end: 596,
                            },
                        },
                        args: [
                            Binding(
                                Spanned {
                                    value: "e",
                                    span: Span {
                                        start: 597,
                                        end: 598,
                                    },
                                },
                            ),
                        ],
                        span: Span {
                            start: 593,
                            end: 599,
                        },
                    },
                    guard: None,
                    body: Expr {
                        kind: Call {
                            callee: Expr {
                                kind: Path {
                                    segments: [
                                        Spanned {
                                            value: "print",
                                            span: Span {
                                                start: 603,
                                                end: 608,
                                            },
                                        },
                                    ],
                                },
                                span: Span {
                                    start: 603,
                                    end: 608,
                                },
                            },
                            args: [
                                Expr {
                                    kind: Literal(
                                        String {
                                            value: "err: {}",
                                            quote: Double,
                                            raw: false,
                                        },
                                    ),
                                    span: Span {
                                        start: 609,
                                        end: 618,
                                    },
                                },
                                Expr {
                                    kind: Path {
                                        segments: [
                                            Spanned {
                                                value: "e",
                                                span: Span {
                                                    start: 620,
                                                    end: 621,
                                                },
                                            },
                                        ],
                                    },
                                    span: Span {
                                        start: 620,
                                        end: 621,
                                    },
                                },
                            ],
                        },
                        span: Span {
                            start: 603,
                            end: 622,
                        },
                    },
                },
            ],
            span: Span {
                start: 546,
                end: 624,
            },
        },
        While {
            cond: Expr {
                kind: Path {
                    segments: [
                        Spanned {
                            value: "cond",
                            span: Span {
                                start: 631,
                                end: 635,
                            },
                        },
                    ],
                },
                span: Span {
                    start: 631,
                    end: 635,
                },
            },
            body: Block {
                stmts: [
                    Expr(
                        Expr {
                            kind: Call {
                                callee: Expr {
                                    kind: Path {
                                        segments: [
                                            Spanned {
                                                value: "print",
                                                span: Span {
                                                    start: 642,
                                                    end: 647,
                                                },
                                            },
                                        ],
                                    },
                                    span: Span {
                                        start: 642,
                                        end: 647,
                                    },
                                },
                                args: [
                                    Expr {
                                        kind: Path {
                                            segments: [
                                                Spanned {
                                                    value: "cond",
                                                    span: Span {
                                                        start: 648,
                                                        end: 652,
                                                    },
                                                },
                                            ],
                                        },
                                        span: Span {
                                            start: 648,
                                            end: 652,
                                        },
                                    },
                                ],
                            },
                            span: Span {
                                start: 642,
                                end: 653,
                            },
                        },
                    ),
                ],
                span: Span {
                    start: 636,
                    end: 656,
                },
            },
            span: Span {
                start: 625,
                end: 656,
            },
        },
        Let {
            pat: Binding(
                Spanned {
                    value: "m",
                    span: Span {
                        start: 661,
                        end: 662,
                    },
                },
            ),
            mut_: false,
            type_ann: None,
            value: Expr {
                kind: Binary {
                    op: Pow,
                    lhs: Expr {
                        kind: Literal(
                            Integer(
                                "2",
                            ),
                        ),
                        span: Span {
                            start: 665,
                            end: 666,
                        },
                    },
                    rhs: Expr {
                        kind: Binary {
                            op: Pow,
                            lhs: Expr {
                                kind: Literal(
                                    Integer(
                                        "3",
                                    ),
                                ),
                                span: Span {
                                    start: 667,
                                    end: 668,
                                },
                            },
                            rhs: Expr {
                                kind: Literal(
                                    Integer(
                                        "2",
                                    ),
                                ),
                                span: Span {
                                    start: 669,
                                    end: 670,
                                },
                            },
                        },
                        span: Span {
                            start: 667,
                            end: 670,
                        },
                    },
                },
                span: Span {
                    start: 665,
                    end: 670,
                },
            },
            span: Span {
                start: 657,
                end: 670,
            },
            docs: None,
        },
        Let {
            pat: Binding(
                Spanned {
                    value: "neg",
                    span: Span {
                        start: 676,
                        end: 679,
                    },
                },
            ),
            mut_: false,
            type_ann: None,
            value: Expr {
                kind: Unary {
                    op: Neg,
                    operand: Expr {
                        kind: Binary {
                            op: Pow,
                            lhs: Expr {
                                kind: Path {
                                    segments: [
                                        Spanned {
                                            value: "x",
                                            span: Span {
                                                start: 683,
                                                end: 684,
                                            },
                                        },
                                    ],
                                },
                                span: Span {
                                    start: 683,
                                    end: 684,
                                },
                            },
                            rhs: Expr {
                                kind: Literal(
                                    Integer(
                                        "2",
                                    ),
                                ),
                                span: Span {
                                    start: 685,
                                    end: 686,
                                },
                            },
                        },
                        span: Span {
                            start: 683,
                            end: 686,
                        },
                    },
                },
                span: Span {
                    start: 682,
                    end: 686,
                },
            },
            span: Span {
                start: 672,
                end: 686,
            },
            docs: None,
        },
        Let {
            pat: Binding(
                Spanned {
                    value: "at",
                    span: Span {
                        start: 692,
                        end: 694,
                    },
                },
            ),
            mut_: false,
            type_ann: None,
            value: Expr {
                kind: Binary {
                    op: MatMul,
                    lhs: Expr {
                        kind: Path {
                            segments: [
                                Spanned {
                                    value: "A",
                                    span: Span {
                                        start: 697,
                                        end: 698,
                                    },
                                },
                            ],
                        },
                        span: Span {
                            start: 697,
                            end: 698,
                        },
                    },
                    rhs: Expr {
                        kind: Path {
                            segments: [
                                Spanned {
                                    value: "B",
                                    span: Span {
                                        start: 701,
                                        end: 702,
                                    },
                                },
                            ],
                        },
                        span: Span {
                            start: 701,
                            end: 702,
                        },
                    },
                },
                span: Span {
                    start: 697,
                    end: 702,
                },
            },
            span: Span {
                start: 688,
                end: 702,
            },
            docs: None,
        },
        Let {
            pat: Binding(
                Spanned {
                    value: "bd",
                    span: Span {
                        start: 708,
                        end: 710,
                    },
                },
            ),
            mut_: false,
            type_ann: None,
            value: Expr {
                kind: Binary {
                    op: Broadcast,
                    lhs: Expr {
                        kind: Path {
                            segments: [
                                Spanned {
                                    value: "v",
                                    span: Span {
                                        start: 713,
                                        end: 714,
                                    },
                                },
                            ],
                        },
                        span: Span {
                            start: 713,
                            end: 714,
                        },
                    },
                    rhs: Expr {
                        kind: Path {
                            segments: [
                                Spanned {
                                    value: "f",
                                    span: Span {
                                        start: 718,
                                        end: 719,
                                    },
                                },
                            ],
                        },
                        span: Span {
                            start: 718,
                            end: 719,
                        },
                    },
                },
                span: Span {
                    start: 713,
                    end: 719,
                },
            },
            span: Span {
                start: 704,
                end: 719,
            },
            docs: None,
        },
    ],
}
