---
source: tests/parser.rs
expression: parse(src).unwrap()
---
Program {
    module_docs: None,
    config: None,
    imports: [],
    stmts: [
        Let {
            pat: Binding(
                Spanned {
                    value: "a",
                    span: Span {
                        start: 5,
                        end: 6,
                    },
                },
            ),
            mut_: false,
            type_ann: None,
            value: Expr {
                kind: Binary {
                    op: Add,
                    lhs: Expr {
                        kind: Literal(
                            Integer(
                                "1",
                            ),
                        ),
                        span: Span {
                            start: 9,
                            end: 10,
                        },
                    },
                    rhs: Expr {
                        kind: Binary {
                            op: Mul,
                            lhs: Expr {
                                kind: Literal(
                                    Integer(
                                        "2",
                                    ),
                                ),
                                span: Span {
                                    start: 13,
                                    end: 14,
                                },
                            },
                            rhs: Expr {
                                kind: Literal(
                                    Integer(
                                        "3",
                                    ),
                                ),
                                span: Span {
                                    start: 17,
                                    end: 18,
                                },
                            },
                        },
                        span: Span {
                            start: 13,
                            end: 18,
                        },
                    },
                },
                span: Span {
                    start: 9,
                    end: 18,
                },
            },
            span: Span {
                start: 1,
                end: 18,
            },
            docs: None,
        },
        Let {
            pat: Binding(
                Spanned {
                    value: "b",
                    span: Span {
                        start: 24,
                        end: 25,
                    },
                },
            ),
            mut_: false,
            type_ann: None,
            value: Expr {
                kind: Binary {
                    op: Mul,
                    lhs: Expr {
                        kind: Binary {
                            op: Add,
                            lhs: Expr {
                                kind: Literal(
                                    Integer(
                                        "1",
                                    ),
                                ),
                                span: Span {
                                    start: 29,
                                    end: 30,
                                },
                            },
                            rhs: Expr {
                                kind: Literal(
                                    Integer(
                                        "2",
                                    ),
                                ),
                                span: Span {
                                    start: 33,
                                    end: 34,
                                },
                            },
                        },
                        span: Span {
                            start: 28,
                            end: 35,
                        },
                    },
                    rhs: Expr {
                        kind: Literal(
                            Integer(
                                "3",
                            ),
                        ),
                        span: Span {
                            start: 38,
                            end: 39,
                        },
                    },
                },
                span: Span {
                    start: 28,
                    end: 39,
                },
            },
            span: Span {
                start: 20,
                end: 39,
            },
            docs: None,
        },
        Let {
            pat: Binding(
                Spanned {
                    value: "c",
                    span: Span {
                        start: 45,
                        end: 46,
                    },
                },
            ),
            mut_: false,
            type_ann: None,
            value: Expr {
                kind: Binary {
                    op: Div,
                    lhs: Expr {
                        kind: Literal(
                            Integer(
                                "1",
                            ),
                        ),
                        span: Span {
                            start: 49,
                            end: 50,
                        },
                    },
                    rhs: Expr {
                        kind: Literal(
                            Integer(
                                "3",
                            ),
                        ),
                        span: Span {
                            start: 53,
                            end: 54,
                        },
                    },
                },
                span: Span {
                    start: 49,
                    end: 54,
                },
            },
            span: Span {
                start: 41,
                end: 54,
            },
            docs: None,
        },
        Let {
            pat: Binding(
                Spanned {
                    value: "d",
                    span: Span {
                        start: 60,
                        end: 61,
                    },
                },
            ),
            mut_: false,
            type_ann: None,
            value: Expr {
                kind: Binary {
                    op: Add,
                    lhs: Expr {
                        kind: Binary {
                            op: Add,
                            lhs: Expr {
                                kind: Literal(
                                    Float(
                                        "1.5e3",
                                    ),
                                ),
                                span: Span {
                                    start: 64,
                                    end: 69,
                                },
                            },
                            rhs: Expr {
                                kind: Literal(
                                    Hex(
                                        "0x10",
                                    ),
                                ),
                                span: Span {
                                    start: 72,
                                    end: 76,
                                },
                            },
                        },
                        span: Span {
                            start: 64,
                            end: 76,
                        },
                    },
                    rhs: Expr {
                        kind: Literal(
                            Binary(
                                "0b11",
                            ),
                        ),
                        span: Span {
                            start: 79,
                            end: 83,
                        },
                    },
                },
                span: Span {
                    start: 64,
                    end: 83,
                },
            },
            span: Span {
                start: 56,
                end: 83,
            },
            docs: None,
        },
        Let {
            pat: Binding(
                Spanned {
                    value: "e",
                    span: Span {
                        start: 89,
                        end: 90,
                    },
                },
            ),
            mut_: false,
            type_ann: None,
            value: Expr {
                kind: Binary {
                    op: Eq,
                    lhs: Expr {
                        kind: Literal(
                            String {
                                value: "str",
                                quote: Double,
                                raw: false,
                            },
                        ),
                        span: Span {
                            start: 93,
                            end: 98,
                        },
                    },
                    rhs: Expr {
                        kind: Literal(
                            String {
                                value: "str",
                                quote: Double,
                                raw: false,
                            },
                        ),
                        span: Span {
                            start: 102,
                            end: 107,
                        },
                    },
                },
                span: Span {
                    start: 93,
                    end: 107,
                },
            },
            span: Span {
                start: 85,
                end: 107,
            },
            docs: None,
        },
        Let {
            pat: Binding(
                Spanned {
                    value: "f",
                    span: Span {
                        start: 113,
                        end: 114,
                    },
                },
            ),
            mut_: false,
            type_ann: None,
            value: Expr {
                kind: Binary {
                    op: Or,
                    lhs: Expr {
                        kind: Binary {
                            op: And,
                            lhs: Expr {
                                kind: Unary {
                                    op: Not,
                                    operand: Expr {
                                        kind: Literal(
                                            Bool(
                                                true,
                                            ),
                                        ),
                                        span: Span {
                                            start: 118,
                                            end: 122,
                                        },
                                    },
                                },
                                span: Span {
                                    start: 117,
                                    end: 122,
                                },
                            },
                            rhs: Expr {
                                kind: Literal(
                                    Bool(
                                        false,
                                    ),
                                ),
                                span: Span {
                                    start: 126,
                                    end: 131,
                                },
                            },
                        },
                        span: Span {
                            start: 117,
                            end: 131,
                        },
                    },
                    rhs: Expr {
                        kind: Binary {
                            op: Ge,
                            lhs: Expr {
                                kind: Path {
                                    segments: [
                                        Spanned {
                                            value: "x",
                                            span: Span {
                                                start: 135,
                                                end: 136,
                                            },
                                        },
                                    ],
                                },
                                span: Span {
                                    start: 135,
                                    end: 136,
                                },
                            },
                            rhs: Expr {
                                kind: Literal(
                                    Integer(
                                        "1",
                                    ),
                                ),
                                span: Span {
                                    start: 140,
                                    end: 141,
                                },
                            },
                        },
                        span: Span {
                            start: 135,
                            end: 141,
                        },
                    },
                },
                span: Span {
                    start: 117,
                    end: 141,
                },
            },
            span: Span {
                start: 109,
                end: 141,
            },
            docs: None,
        },
        Let {
            pat: Binding(
                Spanned {
                    value: "g",
                    span: Span {
                        start: 147,
                        end: 148,
                    },
                },
            ),
            mut_: false,
            type_ann: None,
            value: Expr {
                kind: Binary {
                    op: Add,
                    lhs: Expr {
                        kind: Symbol(
                            Spanned {
                                value: "pi",
                                span: Span {
                                    start: 151,
                                    end: 154,
                                },
                            },
                        ),
                        span: Span {
                            start: 151,
                            end: 154,
                        },
                    },
                    rhs: Expr {
                        kind: Symbol(
                            Spanned {
                                value: "e",
                                span: Span {
                                    start: 157,
                                    end: 159,
                                },
                            },
                        ),
                        span: Span {
                            start: 157,
                            end: 159,
                        },
                    },
                },
                span: Span {
                    start: 151,
                    end: 159,
                },
            },
            span: Span {
                start: 143,
                end: 159,
            },
            docs: None,
        },
        Let {
            pat: Binding(
                Spanned {
                    value: "h",
                    span: Span {
                        start: 165,
                        end: 166,
                    },
                },
            ),
            mut_: false,
            type_ann: None,
            value: Expr {
                kind: Literal(
                    Tex(
                        "\\sqrt{2} + \\pi",
                    ),
                ),
                span: Span {
                    start: 169,
                    end: 188,
                },
            },
            span: Span {
                start: 161,
                end: 188,
            },
            docs: None,
        },
        Let {
            pat: Binding(
                Spanned {
                    value: "i",
                    span: Span {
                        start: 194,
                        end: 195,
                    },
                },
            ),
            mut_: false,
            type_ann: None,
            value: Expr {
                kind: Array(
                    [],
                ),
                span: Span {
                    start: 198,
                    end: 200,
                },
            },
            span: Span {
                start: 190,
                end: 200,
            },
            docs: None,
        },
        Let {
            pat: Binding(
                Spanned {
                    value: "j",
                    span: Span {
                        start: 206,
                        end: 207,
                    },
                },
            ),
            mut_: false,
            type_ann: None,
            value: Expr {
                kind: Tuple(
                    [
                        Expr {
                            kind: Literal(
                                Integer(
                                    "1",
                                ),
                            ),
                            span: Span {
                                start: 211,
                                end: 212,
                            },
                        },
                        Expr {
                            kind: Literal(
                                Integer(
                                    "2",
                                ),
                            ),
                            span: Span {
                                start: 214,
                                end: 215,
                            },
                        },
                        Expr {
                            kind: Literal(
                                Integer(
                                    "3",
                                ),
                            ),
                            span: Span {
                                start: 217,
                                end: 218,
                            },
                        },
                    ],
                ),
                span: Span {
                    start: 210,
                    end: 219,
                },
            },
            span: Span {
                start: 202,
                end: 219,
            },
            docs: None,
        },
        Let {
            pat: Binding(
                Spanned {
                    value: "k",
                    span: Span {
                        start: 225,
                        end: 226,
                    },
                },
            ),
            mut_: false,
            type_ann: None,
            value: Expr {
                kind: Tuple(
                    [],
                ),
                span: Span {
                    start: 229,
                    end: 231,
                },
            },
            span: Span {
                start: 221,
                end: 231,
            },
            docs: None,
        },
        Let {
            pat: Binding(
                Spanned {
                    value: "l",
                    span: Span {
                        start: 237,
                        end: 238,
                    },
                },
            ),
            mut_: false,
            type_ann: None,
            value: Expr {
                kind: Index {
                    base: Expr {
                        kind: Path {
                            segments: [
                                Spanned {
                                    value: "v",
                                    span: Span {
                                        start: 241,
                                        end: 242,
                                    },
                                },
                            ],
                        },
                        span: Span {
                            start: 241,
                            end: 242,
                        },
                    },
                    index: Index {
                        items: [
                            Elem(
                                Expr {
                                    kind: Literal(
                                        Integer(
                                            "0",
                                        ),
                                    ),
                                    span: Span {
                                        start: 243,
                                        end: 244,
                                    },
                                },
                            ),
                        ],
                    },
                },
                span: Span {
                    start: 241,
                    end: 245,
                },
            },
            span: Span {
                start: 233,
                end: 245,
            },
            docs: None,
        },
        Let {
            pat: Binding(
                Spanned {
                    value: "m",
                    span: Span {
                        start: 251,
                        end: 252,
                    },
                },
            ),
            mut_: false,
            type_ann: None,
            value: Expr {
                kind: Index {
                    base: Expr {
                        kind: Path {
                            segments: [
                                Spanned {
                                    value: "v",
                                    span: Span {
                                        start: 255,
                                        end: 256,
                                    },
                                },
                            ],
                        },
                        span: Span {
                            start: 255,
                            end: 256,
                        },
                    },
                    index: Index {
                        items: [
                            Slice {
                                start: None,
                                end: Some(
                                    Expr {
                                        kind: Literal(
                                            Integer(
                                                "2",
                                            ),
                                        ),
                                        span: Span {
                                            start: 259,
                                            end: 260,
                                        },
                                    },
                                ),
                            },
                        ],
                    },
                },
                span: Span {
                    start: 255,
                    end: 261,
                },
            },
            span: Span {
                start: 247,
                end: 261,
            },
            docs: None,
        },
        Let {
            pat: Binding(
                Spanned {
                    value: "n",
                    span: Span {
                        start: 267,
                        end: 268,
                    },
                },
            ),
            mut_: false,
            type_ann: None,
            value: Expr {
                kind: Index {
                    base: Expr {
                        kind: Path {
                            segments: [
                                Spanned {
                                    value: "v",
                                    span: Span {
                                        start: 271,
                                        end: 272,
                                    },
                                },
                            ],
                        },
                        span: Span {
                            start: 271,
                            end: 272,
                        },
                    },
                    index: Index {
                        items: [
                            Slice {
                                start: Some(
                                    Expr {
                                        kind: Literal(
                                            Integer(
                                                "2",
                                            ),
                                        ),
                                        span: Span {
                                            start: 273,
                                            end: 274,
                                        },
                                    },
                                ),
                                end: None,
                            },
                        ],
                    },
                },
                span: Span {
                    start: 271,
                    end: 277,
                },
            },
            span: Span {
                start: 263,
                end: 277,
            },
            docs: None,
        },
    ],
}
