---
source: tests/parser.rs
expression: parse(src).unwrap()
---
Program {
    config: Some(
        ConfigBlock {
            entries: [
                ConfigEntry {
                    name: Spanned {
                        value: "fraction",
                        span: Span {
                            start: 14,
                            end: 22,
                        },
                    },
                    type_ann: None,
                    value: Expr {
                        kind: Literal(
                            Bool(
                                true,
                            ),
                        ),
                        span: Span {
                            start: 26,
                            end: 30,
                        },
                    },
                    span: Span {
                        start: 14,
                        end: 30,
                    },
                },
                ConfigEntry {
                    name: Spanned {
                        value: "undefined_handling",
                        span: Span {
                            start: 35,
                            end: 53,
                        },
                    },
                    type_ann: None,
                    value: Expr {
                        kind: Custom(
                            [
                                (
                                    Expr {
                                        kind: Binary {
                                            op: Div,
                                            lhs: Expr {
                                                kind: Literal(
                                                    Integer(
                                                        "0",
                                                    ),
                                                ),
                                                span: Span {
                                                    start: 66,
                                                    end: 67,
                                                },
                                            },
                                            rhs: Expr {
                                                kind: Literal(
                                                    Integer(
                                                        "0",
                                                    ),
                                                ),
                                                span: Span {
                                                    start: 68,
                                                    end: 69,
                                                },
                                            },
                                        },
                                        span: Span {
                                            start: 66,
                                            end: 69,
                                        },
                                    },
                                    Expr {
                                        kind: Literal(
                                            Integer(
                                                "1",
                                            ),
                                        ),
                                        span: Span {
                                            start: 73,
                                            end: 74,
                                        },
                                    },
                                ),
                                (
                                    Expr {
                                        kind: Call {
                                            callee: Expr {
                                                kind: Path {
                                                    segments: [
                                                        Spanned {
                                                            value: "log",
                                                            span: Span {
                                                                start: 76,
                                                                end: 79,
                                                            },
                                                        },
                                                    ],
                                                },
                                                span: Span {
                                                    start: 76,
                                                    end: 79,
                                                },
                                            },
                                            args: [
                                                Expr {
                                                    kind: Literal(
                                                        Integer(
                                                            "0",
                                                        ),
                                                    ),
                                                    span: Span {
                                                        start: 80,
                                                        end: 81,
                                                    },
                                                },
                                            ],
                                        },
                                        span: Span {
                                            start: 76,
                                            end: 82,
                                        },
                                    },
                                    Expr {
                                        kind: Unary {
                                            op: Neg,
                                            operand: Expr {
                                                kind: Symbol(
                                                    Spanned {
                                                        value: "infty",
                                                        span: Span {
                                                            start: 87,
                                                            end: 93,
                                                        },
                                                    },
                                                ),
                                                span: Span {
                                                    start: 87,
                                                    end: 93,
                                                },
                                            },
                                        },
                                        span: Span {
                                            start: 86,
                                            end: 93,
                                        },
                                    },
                                ),
                            ],
                        ),
                        span: Span {
                            start: 57,
                            end: 95,
                        },
                    },
                    span: Span {
                        start: 35,
                        end: 95,
                    },
                },
            ],
            span: Span {
                start: 1,
                end: 97,
            },
        },
    ),
    imports: [
        Import {
            kind: Namespace {
                path: [
                    Spanned {
                        value: "linalg",
                        span: Span {
                            start: 105,
                            end: 111,
                        },
                    },
                ],
                alias: Some(
                    Spanned {
                        value: "la",
                        span: Span {
                            start: 115,
                            end: 117,
                        },
                    },
                ),
            },
            span: Span {
                start: 98,
                end: 117,
            },
        },
        Import {
            kind: From {
                path: [
                    Spanned {
                        value: "stats",
                        span: Span {
                            start: 123,
                            end: 128,
                        },
                    },
                ],
                items: [
                    Name {
                        name: Spanned {
                            value: "mean",
                            span: Span {
                                start: 136,
                                end: 140,
                            },
                        },
                        alias: None,
                    },
                    Name {
                        name: Spanned {
                            value: "std",
                            span: Span {
                                start: 142,
                                end: 145,
                            },
                        },
                        alias: None,
                    },
                ],
            },
            span: Span {
                start: 118,
                end: 146,
            },
        },
        Import {
            kind: From {
                path: [
                    Spanned {
                        value: "mymath",
                        span: Span {
                            start: 151,
                            end: 157,
                        },
                    },
                ],
                items: [
                    Star,
                ],
            },
            span: Span {
                start: 146,
                end: 166,
            },
        },
    ],
    stmts: [
        MathDef {
            name: Spanned {
                value: "f",
                span: Span {
                    start: 172,
                    end: 173,
                },
            },
            params: [
                Param {
                    name: Spanned {
                        value: "x",
                        span: Span {
                            start: 174,
                            end: 175,
                        },
                    },
                    type_ann: None,
                    is_self: false,
                },
            ],
            ret: None,
            annotations: [],
            body: Expr {
                kind: Binary {
                    op: Add,
                    lhs: Expr {
                        kind: Binary {
                            op: Pow,
                            lhs: Expr {
                                kind: Path {
                                    segments: [
                                        Spanned {
                                            value: "x",
                                            span: Span {
                                                start: 179,
                                                end: 180,
                                            },
                                        },
                                    ],
                                },
                                span: Span {
                                    start: 179,
                                    end: 180,
                                },
                            },
                            rhs: Expr {
                                kind: Literal(
                                    Integer(
                                        "2",
                                    ),
                                ),
                                span: Span {
                                    start: 181,
                                    end: 182,
                                },
                            },
                        },
                        span: Span {
                            start: 179,
                            end: 182,
                        },
                    },
                    rhs: Expr {
                        kind: Literal(
                            Integer(
                                "6",
                            ),
                        ),
                        span: Span {
                            start: 185,
                            end: 186,
                        },
                    },
                },
                span: Span {
                    start: 179,
                    end: 186,
                },
            },
            span: Span {
                start: 168,
                end: 186,
            },
        },
        Let {
            pat: Binding(
                Spanned {
                    value: "count",
                    span: Span {
                        start: 196,
                        end: 201,
                    },
                },
            ),
            mut_: true,
            type_ann: Some(
                Integer,
            ),
            value: Expr {
                kind: Literal(
                    Integer(
                        "0",
                    ),
                ),
                span: Span {
                    start: 213,
                    end: 214,
                },
            },
            span: Span {
                start: 188,
                end: 214,
            },
        },
        Const {
            name: Spanned {
                value: "C",
                span: Span {
                    start: 222,
                    end: 223,
                },
            },
            type_ann: F64,
            value: Expr {
                kind: Literal(
                    Float(
                        "1.5",
                    ),
                ),
                span: Span {
                    start: 231,
                    end: 234,
                },
            },
            span: Span {
                start: 216,
                end: 234,
            },
        },
        Pub(
            FnDef {
                name: Spanned {
                    value: "process",
                    span: Span {
                        start: 243,
                        end: 250,
                    },
                },
                params: [
                    Param {
                        name: Spanned {
                            value: "x",
                            span: Span {
                                start: 251,
                                end: 252,
                            },
                        },
                        type_ann: Some(
                            F64,
                        ),
                        is_self: false,
                    },
                ],
                ret: Some(
                    F64,
                ),
                annotations: [],
                body: Block {
                    stmts: [
                        Let {
                            pat: Binding(
                                Spanned {
                                    value: "y",
                                    span: Span {
                                        start: 276,
                                        end: 277,
                                    },
                                },
                            ),
                            mut_: false,
                            type_ann: None,
                            value: Expr {
                                kind: Binary {
                                    op: Mul,
                                    lhs: Expr {
                                        kind: Path {
                                            segments: [
                                                Spanned {
                                                    value: "x",
                                                    span: Span {
                                                        start: 280,
                                                        end: 281,
                                                    },
                                                },
                                            ],
                                        },
                                        span: Span {
                                            start: 280,
                                            end: 281,
                                        },
                                    },
                                    rhs: Expr {
                                        kind: Literal(
                                            Float(
                                                "2.0",
                                            ),
                                        ),
                                        span: Span {
                                            start: 284,
                                            end: 287,
                                        },
                                    },
                                },
                                span: Span {
                                    start: 280,
                                    end: 287,
                                },
                            },
                            span: Span {
                                start: 272,
                                end: 287,
                            },
                        },
                        If {
                            cond: Expr {
                                kind: Binary {
                                    op: Gt,
                                    lhs: Expr {
                                        kind: Path {
                                            segments: [
                                                Spanned {
                                                    value: "y",
                                                    span: Span {
                                                        start: 296,
                                                        end: 297,
                                                    },
                                                },
                                            ],
                                        },
                                        span: Span {
                                            start: 296,
                                            end: 297,
                                        },
                                    },
                                    rhs: Expr {
                                        kind: Literal(
                                            Integer(
                                                "3",
                                            ),
                                        ),
                                        span: Span {
                                            start: 300,
                                            end: 301,
                                        },
                                    },
                                },
                                span: Span {
                                    start: 296,
                                    end: 301,
                                },
                            },
                            then: Block {
                                stmts: [
                                    Return {
                                        value: Some(
                                            Expr {
                                                kind: Path {
                                                    segments: [
                                                        Spanned {
                                                            value: "y",
                                                            span: Span {
                                                                start: 319,
                                                                end: 320,
                                                            },
                                                        },
                                                    ],
                                                },
                                                span: Span {
                                                    start: 319,
                                                    end: 320,
                                                },
                                            },
                                        ),
                                        span: Span {
                                            start: 312,
                                            end: 320,
                                        },
                                    },
                                ],
                                span: Span {
                                    start: 302,
                                    end: 327,
                                },
                            },
                            elifs: [],
                            else_: Some(
                                Block {
                                    stmts: [
                                        Return {
                                            value: Some(
                                                Expr {
                                                    kind: Literal(
                                                        Float(
                                                            "0.0",
                                                        ),
                                                    ),
                                                    span: Span {
                                                        start: 350,
                                                        end: 353,
                                                    },
                                                },
                                            ),
                                            span: Span {
                                                start: 343,
                                                end: 353,
                                            },
                                        },
                                    ],
                                    span: Span {
                                        start: 333,
                                        end: 360,
                                    },
                                },
                            ),
                            span: Span {
                                start: 293,
                                end: 360,
                            },
                        },
                    ],
                    span: Span {
                        start: 266,
                        end: 362,
                    },
                },
                span: Span {
                    start: 240,
                    end: 362,
                },
            },
        ),
        For {
            var: Spanned {
                value: "i",
                span: Span {
                    start: 367,
                    end: 368,
                },
            },
            range: (
                Expr {
                    kind: Literal(
                        Integer(
                            "0",
                        ),
                    ),
                    span: Span {
                        start: 372,
                        end: 373,
                    },
                },
                Expr {
                    kind: Literal(
                        Integer(
                            "10",
                        ),
                    ),
                    span: Span {
                        start: 375,
                        end: 377,
                    },
                },
            ),
            step: Some(
                Expr {
                    kind: Literal(
                        Integer(
                            "2",
                        ),
                    ),
                    span: Span {
                        start: 383,
                        end: 384,
                    },
                },
            ),
            body: Block {
                stmts: [
                    Assign {
                        target: Expr {
                            kind: Path {
                                segments: [
                                    Spanned {
                                        value: "count",
                                        span: Span {
                                            start: 391,
                                            end: 396,
                                        },
                                    },
                                ],
                            },
                            span: Span {
                                start: 391,
                                end: 396,
                            },
                        },
                        op: AddAssign,
                        value: Expr {
                            kind: Path {
                                segments: [
                                    Spanned {
                                        value: "i",
                                        span: Span {
                                            start: 400,
                                            end: 401,
                                        },
                                    },
                                ],
                            },
                            span: Span {
                                start: 400,
                                end: 401,
                            },
                        },
                        span: Span {
                            start: 391,
                            end: 401,
                        },
                    },
                ],
                span: Span {
                    start: 385,
                    end: 404,
                },
            },
            span: Span {
                start: 363,
                end: 404,
            },
        },
        ParFor {
            var: Spanned {
                value: "j",
                span: Span {
                    start: 412,
                    end: 413,
                },
            },
            range: (
                Expr {
                    kind: Literal(
                        Integer(
                            "0",
                        ),
                    ),
                    span: Span {
                        start: 417,
                        end: 418,
                    },
                },
                Expr {
                    kind: Literal(
                        Integer(
                            "10",
                        ),
                    ),
                    span: Span {
                        start: 420,
                        end: 422,
                    },
                },
            ),
            step: None,
            body: Block {
                stmts: [
                    Assign {
                        target: Expr {
                            kind: Index {
                                base: Expr {
                                    kind: Path {
                                        segments: [
                                            Spanned {
                                                value: "A",
                                                span: Span {
                                                    start: 429,
                                                    end: 430,
                                                },
                                            },
                                        ],
                                    },
                                    span: Span {
                                        start: 429,
                                        end: 430,
                                    },
                                },
                                index: Index {
                                    items: [
                                        Elem(
                                            Expr {
                                                kind: Path {
                                                    segments: [
                                                        Spanned {
                                                            value: "j",
                                                            span: Span {
                                                                start: 431,
                                                                end: 432,
                                                            },
                                                        },
                                                    ],
                                                },
                                                span: Span {
                                                    start: 431,
                                                    end: 432,
                                                },
                                            },
                                        ),
                                    ],
                                },
                            },
                            span: Span {
                                start: 429,
                                end: 433,
                            },
                        },
                        op: Assign,
                        value: Expr {
                            kind: Call {
                                callee: Expr {
                                    kind: Path {
                                        segments: [
                                            Spanned {
                                                value: "f",
                                                span: Span {
                                                    start: 436,
                                                    end: 437,
                                                },
                                            },
                                        ],
                                    },
                                    span: Span {
                                        start: 436,
                                        end: 437,
                                    },
                                },
                                args: [
                                    Expr {
                                        kind: Path {
                                            segments: [
                                                Spanned {
                                                    value: "j",
                                                    span: Span {
                                                        start: 438,
                                                        end: 439,
                                                    },
                                                },
                                            ],
                                        },
                                        span: Span {
                                            start: 438,
                                            end: 439,
                                        },
                                    },
                                ],
                            },
                            span: Span {
                                start: 436,
                                end: 440,
                            },
                        },
                        span: Span {
                            start: 429,
                            end: 440,
                        },
                    },
                ],
                span: Span {
                    start: 423,
                    end: 443,
                },
            },
            span: Span {
                start: 405,
                end: 443,
            },
        },
        Let {
            pat: Binding(
                Spanned {
                    value: "v",
                    span: Span {
                        start: 448,
                        end: 449,
                    },
                },
            ),
            mut_: false,
            type_ann: None,
            value: Expr {
                kind: Array(
                    [
                        Expr {
                            kind: Literal(
                                Integer(
                                    "1",
                                ),
                            ),
                            span: Span {
                                start: 453,
                                end: 454,
                            },
                        },
                        Expr {
                            kind: Literal(
                                Integer(
                                    "2",
                                ),
                            ),
                            span: Span {
                                start: 456,
                                end: 457,
                            },
                        },
                        Expr {
                            kind: Literal(
                                Integer(
                                    "3",
                                ),
                            ),
                            span: Span {
                                start: 459,
                                end: 460,
                            },
                        },
                    ],
                ),
                span: Span {
                    start: 452,
                    end: 461,
                },
            },
            span: Span {
                start: 444,
                end: 461,
            },
        },
        Let {
            pat: Binding(
                Spanned {
                    value: "z",
                    span: Span {
                        start: 467,
                        end: 468,
                    },
                },
            ),
            mut_: false,
            type_ann: None,
            value: Expr {
                kind: Index {
                    base: Expr {
                        kind: Path {
                            segments: [
                                Spanned {
                                    value: "v",
                                    span: Span {
                                        start: 471,
                                        end: 472,
                                    },
                                },
                            ],
                        },
                        span: Span {
                            start: 471,
                            end: 472,
                        },
                    },
                    index: Index {
                        items: [
                            Slice {
                                start: Some(
                                    Expr {
                                        kind: Literal(
                                            Integer(
                                                "1",
                                            ),
                                        ),
                                        span: Span {
                                            start: 473,
                                            end: 474,
                                        },
                                    },
                                ),
                                end: Some(
                                    Expr {
                                        kind: Literal(
                                            Integer(
                                                "3",
                                            ),
                                        ),
                                        span: Span {
                                            start: 476,
                                            end: 477,
                                        },
                                    },
                                ),
                            },
                        ],
                    },
                },
                span: Span {
                    start: 471,
                    end: 478,
                },
            },
            span: Span {
                start: 463,
                end: 478,
            },
        },
        Let {
            pat: Binding(
                Spanned {
                    value: "w",
                    span: Span {
                        start: 484,
                        end: 485,
                    },
                },
            ),
            mut_: false,
            type_ann: None,
            value: Expr {
                kind: Index {
                    base: Expr {
                        kind: Path {
                            segments: [
                                Spanned {
                                    value: "M",
                                    span: Span {
                                        start: 488,
                                        end: 489,
                                    },
                                },
                            ],
                        },
                        span: Span {
                            start: 488,
                            end: 489,
                        },
                    },
                    index: Index {
                        items: [
                            Slice {
                                start: None,
                                end: None,
                            },
                            Elem(
                                Expr {
                                    kind: Literal(
                                        Integer(
                                            "1",
                                        ),
                                    ),
                                    span: Span {
                                        start: 494,
                                        end: 495,
                                    },
                                },
                            ),
                        ],
                    },
                },
                span: Span {
                    start: 488,
                    end: 496,
                },
            },
            span: Span {
                start: 480,
                end: 496,
            },
        },
        Let {
            pat: Binding(
                Spanned {
                    value: "g",
                    span: Span {
                        start: 502,
                        end: 503,
                    },
                },
            ),
            mut_: false,
            type_ann: None,
            value: Expr {
                kind: Lambda {
                    params: [
                        Param {
                            name: Spanned {
                                value: "x",
                                span: Span {
                                    start: 507,
                                    end: 508,
                                },
                            },
                            type_ann: None,
                            is_self: false,
                        },
                        Param {
                            name: Spanned {
                                value: "y",
                                span: Span {
                                    start: 510,
                                    end: 511,
                                },
                            },
                            type_ann: None,
                            is_self: false,
                        },
                    ],
                    body: Expr {
                        kind: Binary {
                            op: Add,
                            lhs: Expr {
                                kind: Path {
                                    segments: [
                                        Spanned {
                                            value: "x",
                                            span: Span {
                                                start: 513,
                                                end: 514,
                                            },
                                        },
                                    ],
                                },
                                span: Span {
                                    start: 513,
                                    end: 514,
                                },
                            },
                            rhs: Expr {
                                kind: Path {
                                    segments: [
                                        Spanned {
                                            value: "y",
                                            span: Span {
                                                start: 517,
                                                end: 518,
                                            },
                                        },
                                    ],
                                },
                                span: Span {
                                    start: 517,
                                    end: 518,
                                },
                            },
                        },
                        span: Span {
                            start: 513,
                            end: 518,
                        },
                    },
                },
                span: Span {
                    start: 506,
                    end: 518,
                },
            },
            span: Span {
                start: 498,
                end: 518,
            },
        },
        Let {
            pat: Binding(
                Spanned {
                    value: "r",
                    span: Span {
                        start: 524,
                        end: 525,
                    },
                },
            ),
            mut_: false,
            type_ann: None,
            value: Expr {
                kind: Call {
                    callee: Expr {
                        kind: Path {
                            segments: [
                                Spanned {
                                    value: "try_i32",
                                    span: Span {
                                        start: 528,
                                        end: 535,
                                    },
                                },
                            ],
                        },
                        span: Span {
                            start: 528,
                            end: 535,
                        },
                    },
                    args: [
                        Expr {
                            kind: Literal(
                                Float(
                                    "1e20",
                                ),
                            ),
                            span: Span {
                                start: 536,
                                end: 540,
                            },
                        },
                    ],
                },
                span: Span {
                    start: 528,
                    end: 541,
                },
            },
            span: Span {
                start: 520,
                end: 541,
            },
        },
        Match {
            scrutinee: Expr {
                kind: Path {
                    segments: [
                        Spanned {
                            value: "r",
                            span: Span {
                                start: 549,
                                end: 550,
                            },
                        },
                    ],
                },
                span: Span {
                    start: 549,
                    end: 550,
                },
            },
            arms: [
                MatchArm {
                    pattern: Variant {
                        name: Spanned {
                            value: "Ok",
                            span: Span {
                                start: 557,
                                end: 559,
                            },
                        },
                        args: [
                            Binding(
                                Spanned {
                                    value: "n",
                                    span: Span {
                                        start: 560,
                                        end: 561,
                                    },
                                },
                            ),
                        ],
                        span: Span {
                            start: 557,
                            end: 562,
                        },
                    },
                    guard: None,
                    body: Expr {
                        kind: Call {
                            callee: Expr {
                                kind: Path {
                                    segments: [
                                        Spanned {
                                            value: "print",
                                            span: Span {
                                                start: 566,
                                                end: 571,
                                            },
                                        },
                                    ],
                                },
                                span: Span {
                                    start: 566,
                                    end: 571,
                                },
                            },
                            args: [
                                Expr {
                                    kind: Literal(
                                        Str(
                                            "ok: {}",
                                        ),
                                    ),
                                    span: Span {
                                        start: 572,
                                        end: 580,
                                    },
                                },
                                Expr {
                                    kind: Path {
                                        segments: [
                                            Spanned {
                                                value: "n",
                                                span: Span {
                                                    start: 582,
                                                    end: 583,
                                                },
                                            },
                                        ],
                                    },
                                    span: Span {
                                        start: 582,
                                        end: 583,
                                    },
                                },
                            ],
                        },
                        span: Span {
                            start: 566,
                            end: 584,
                        },
                    },
                },
                MatchArm {
                    pattern: Variant {
                        name: Spanned {
                            value: "Err",
                            span: Span {
                                start: 590,
                                end: 593,
                            },
                        },
                        args: [
                            Binding(
                                Spanned {
                                    value: "e",
                                    span: Span {
                                        start: 594,
                                        end: 595,
                                    },
                                },
                            ),
                        ],
                        span: Span {
                            start: 590,
                            end: 596,
                        },
                    },
                    guard: None,
                    body: Expr {
                        kind: Call {
                            callee: Expr {
                                kind: Path {
                                    segments: [
                                        Spanned {
                                            value: "print",
                                            span: Span {
                                                start: 600,
                                                end: 605,
                                            },
                                        },
                                    ],
                                },
                                span: Span {
                                    start: 600,
                                    end: 605,
                                },
                            },
                            args: [
                                Expr {
                                    kind: Literal(
                                        Str(
                                            "err: {}",
                                        ),
                                    ),
                                    span: Span {
                                        start: 606,
                                        end: 615,
                                    },
                                },
                                Expr {
                                    kind: Path {
                                        segments: [
                                            Spanned {
                                                value: "e",
                                                span: Span {
                                                    start: 617,
                                                    end: 618,
                                                },
                                            },
                                        ],
                                    },
                                    span: Span {
                                        start: 617,
                                        end: 618,
                                    },
                                },
                            ],
                        },
                        span: Span {
                            start: 600,
                            end: 619,
                        },
                    },
                },
            ],
            span: Span {
                start: 543,
                end: 621,
            },
        },
        Let {
            pat: Binding(
                Spanned {
                    value: "piped",
                    span: Span {
                        start: 626,
                        end: 631,
                    },
                },
            ),
            mut_: false,
            type_ann: None,
            value: Expr {
                kind: Pipeline {
                    lhs: Expr {
                        kind: Pipeline {
                            lhs: Expr {
                                kind: Path {
                                    segments: [
                                        Spanned {
                                            value: "a",
                                            span: Span {
                                                start: 634,
                                                end: 635,
                                            },
                                        },
                                    ],
                                },
                                span: Span {
                                    start: 634,
                                    end: 635,
                                },
                            },
                            rhs: Expr {
                                kind: Path {
                                    segments: [
                                        Spanned {
                                            value: "try_f64",
                                            span: Span {
                                                start: 639,
                                                end: 646,
                                            },
                                        },
                                    ],
                                },
                                span: Span {
                                    start: 639,
                                    end: 646,
                                },
                            },
                        },
                        span: Span {
                            start: 634,
                            end: 646,
                        },
                    },
                    rhs: Expr {
                        kind: Call {
                            callee: Expr {
                                kind: Path {
                                    segments: [
                                        Spanned {
                                            value: "unwrap_or",
                                            span: Span {
                                                start: 650,
                                                end: 659,
                                            },
                                        },
                                    ],
                                },
                                span: Span {
                                    start: 650,
                                    end: 659,
                                },
                            },
                            args: [
                                Expr {
                                    kind: Literal(
                                        Float(
                                            "0.0",
                                        ),
                                    ),
                                    span: Span {
                                        start: 660,
                                        end: 663,
                                    },
                                },
                            ],
                        },
                        span: Span {
                            start: 650,
                            end: 664,
                        },
                    },
                },
                span: Span {
                    start: 634,
                    end: 664,
                },
            },
            span: Span {
                start: 622,
                end: 664,
            },
        },
        While {
            cond: Expr {
                kind: Path {
                    segments: [
                        Spanned {
                            value: "cond",
                            span: Span {
                                start: 672,
                                end: 676,
                            },
                        },
                    ],
                },
                span: Span {
                    start: 672,
                    end: 676,
                },
            },
            body: Block {
                stmts: [
                    Expr(
                        Expr {
                            kind: Call {
                                callee: Expr {
                                    kind: Path {
                                        segments: [
                                            Spanned {
                                                value: "print",
                                                span: Span {
                                                    start: 683,
                                                    end: 688,
                                                },
                                            },
                                        ],
                                    },
                                    span: Span {
                                        start: 683,
                                        end: 688,
                                    },
                                },
                                args: [
                                    Expr {
                                        kind: Path {
                                            segments: [
                                                Spanned {
                                                    value: "cond",
                                                    span: Span {
                                                        start: 689,
                                                        end: 693,
                                                    },
                                                },
                                            ],
                                        },
                                        span: Span {
                                            start: 689,
                                            end: 693,
                                        },
                                    },
                                ],
                            },
                            span: Span {
                                start: 683,
                                end: 694,
                            },
                        },
                    ),
                ],
                span: Span {
                    start: 677,
                    end: 697,
                },
            },
            span: Span {
                start: 666,
                end: 697,
            },
        },
        Let {
            pat: Binding(
                Spanned {
                    value: "m",
                    span: Span {
                        start: 702,
                        end: 703,
                    },
                },
            ),
            mut_: false,
            type_ann: None,
            value: Expr {
                kind: Binary {
                    op: Pow,
                    lhs: Expr {
                        kind: Literal(
                            Integer(
                                "2",
                            ),
                        ),
                        span: Span {
                            start: 706,
                            end: 707,
                        },
                    },
                    rhs: Expr {
                        kind: Binary {
                            op: Pow,
                            lhs: Expr {
                                kind: Literal(
                                    Integer(
                                        "3",
                                    ),
                                ),
                                span: Span {
                                    start: 708,
                                    end: 709,
                                },
                            },
                            rhs: Expr {
                                kind: Literal(
                                    Integer(
                                        "2",
                                    ),
                                ),
                                span: Span {
                                    start: 710,
                                    end: 711,
                                },
                            },
                        },
                        span: Span {
                            start: 708,
                            end: 711,
                        },
                    },
                },
                span: Span {
                    start: 706,
                    end: 711,
                },
            },
            span: Span {
                start: 698,
                end: 711,
            },
        },
        Let {
            pat: Binding(
                Spanned {
                    value: "neg",
                    span: Span {
                        start: 717,
                        end: 720,
                    },
                },
            ),
            mut_: false,
            type_ann: None,
            value: Expr {
                kind: Unary {
                    op: Neg,
                    operand: Expr {
                        kind: Binary {
                            op: Pow,
                            lhs: Expr {
                                kind: Path {
                                    segments: [
                                        Spanned {
                                            value: "x",
                                            span: Span {
                                                start: 724,
                                                end: 725,
                                            },
                                        },
                                    ],
                                },
                                span: Span {
                                    start: 724,
                                    end: 725,
                                },
                            },
                            rhs: Expr {
                                kind: Literal(
                                    Integer(
                                        "2",
                                    ),
                                ),
                                span: Span {
                                    start: 726,
                                    end: 727,
                                },
                            },
                        },
                        span: Span {
                            start: 724,
                            end: 727,
                        },
                    },
                },
                span: Span {
                    start: 723,
                    end: 727,
                },
            },
            span: Span {
                start: 713,
                end: 727,
            },
        },
        Let {
            pat: Binding(
                Spanned {
                    value: "at",
                    span: Span {
                        start: 733,
                        end: 735,
                    },
                },
            ),
            mut_: false,
            type_ann: None,
            value: Expr {
                kind: Binary {
                    op: MatMul,
                    lhs: Expr {
                        kind: Path {
                            segments: [
                                Spanned {
                                    value: "A",
                                    span: Span {
                                        start: 738,
                                        end: 739,
                                    },
                                },
                            ],
                        },
                        span: Span {
                            start: 738,
                            end: 739,
                        },
                    },
                    rhs: Expr {
                        kind: Path {
                            segments: [
                                Spanned {
                                    value: "B",
                                    span: Span {
                                        start: 742,
                                        end: 743,
                                    },
                                },
                            ],
                        },
                        span: Span {
                            start: 742,
                            end: 743,
                        },
                    },
                },
                span: Span {
                    start: 738,
                    end: 743,
                },
            },
            span: Span {
                start: 729,
                end: 743,
            },
        },
        Let {
            pat: Binding(
                Spanned {
                    value: "bd",
                    span: Span {
                        start: 749,
                        end: 751,
                    },
                },
            ),
            mut_: false,
            type_ann: None,
            value: Expr {
                kind: Binary {
                    op: Broadcast,
                    lhs: Expr {
                        kind: Path {
                            segments: [
                                Spanned {
                                    value: "v",
                                    span: Span {
                                        start: 754,
                                        end: 755,
                                    },
                                },
                            ],
                        },
                        span: Span {
                            start: 754,
                            end: 755,
                        },
                    },
                    rhs: Expr {
                        kind: Path {
                            segments: [
                                Spanned {
                                    value: "f",
                                    span: Span {
                                        start: 759,
                                        end: 760,
                                    },
                                },
                            ],
                        },
                        span: Span {
                            start: 759,
                            end: 760,
                        },
                    },
                },
                span: Span {
                    start: 754,
                    end: 760,
                },
            },
            span: Span {
                start: 745,
                end: 760,
            },
        },
    ],
}
